vx6TuD3DkjqCYsQ90GTDk
FI14CngrXPbjV_rKn_pnS
x21Hm37v3j9CEHRzG3Q4L
5bEpqMGA4c_0kHtqpMLBd
R2H-hzlmyLhbJ7ATIMnWO
FI14CngrXPbjV_rKn_pnS
PGHOmKxeVCpWJmNsR3s2L
x21Hm37v3j9CEHRzG3Q4L
5bEpqMGA4c_0kHtqpMLBd
5WK5N5h09YUh3dHCzuReE
R2H-hzlmyLhbJ7ATIMnWO
l0v8EP-tjggOmB5obyxp_
